<?xml version="1.0" encoding="utf-8"?><testsuites><testsuite name="pytest" errors="0" failures="0" skipped="0" tests="2" time="0.696" timestamp="2025-01-31T04:28:16.658474+00:00" hostname="minzhenfadeMacBook-Air.local"><testcase classname="tests.api.test_endpoints.APIEndpointTests" name="test_api_authentication" time="0.374" /><testcase classname="tests.api.test_endpoints.APIEndpointTests" name="test_api_root" time="0.220" /></testsuite></testsuites>